2026-10-08T10:53:49.5472700Z Current runner version: '2.337.0'
2026-10-08T10:53:49.5497365Z ##[group]Runner Image Provisioner
2026-10-08T10:53:49.5498221Z Hosted Compute Agent
2026-10-08T10:53:49.5498939Z Version: 20261002.596
2026-10-08T10:53:49.5499617Z Commit: c3d12f3313a95f25162a1503be624f3b0617f8c0
2026-10-08T10:53:49.5500388Z Build Date: 2026-10-02T22:28:27Z
2026-10-08T10:53:49.5501608Z Worker ID: {b7a58cb7-94c7-4af2-b80d-df5d44d2a5d9}
2026-10-08T10:53:49.5502338Z Region: westus
2026-10-08T10:53:49.5502963Z Cloud: Azure
2026-10-08T10:53:49.5503540Z ##[endgroup]
2026-10-08T10:53:49.5505072Z ##[group]Operating System
2026-10-08T10:53:49.5505813Z Ubuntu
2026-10-08T10:53:49.5506351Z 24.04.5
2026-10-08T10:53:49.5506953Z LTS
2026-10-08T10:53:49.5507499Z ##[endgroup]
2026-10-08T10:53:49.5508046Z ##[group]Runner Image
2026-10-08T10:53:49.5508717Z Image: ubuntu-24.04
2026-10-08T10:53:49.5509283Z Version: 20261004.327.1
2026-10-08T10:53:49.5510786Z Included Software: https://github.com/actions/runner-images/blob/ubuntu24/20261004.327/images/ubuntu/Ubuntu2404-Readme.md
2026-10-08T10:53:49.5512390Z Image Release: https://github.com/actions/runner-images/releases/tag/ubuntu24%2F20261004.327
2026-10-08T10:53:49.5513430Z ##[endgroup]
2026-10-08T10:53:49.5514535Z ##[group]GITHUB_TOKEN Permissions
2026-10-08T10:53:49.5516472Z Contents: read
2026-10-08T10:53:49.5517115Z Metadata: read
2026-10-08T10:53:49.5517748Z ##[endgroup]
2026-10-08T10:53:49.5519839Z Secret source: Actions
2026-10-08T10:53:49.5521156Z Cache mode: write
2026-10-08T10:53:49.5521924Z Prepare workflow directory
2026-10-08T10:53:49.5855222Z Prepare all required actions
2026-10-08T10:53:49.5904757Z Getting action download info
2026-10-08T10:53:49.9648605Z Download action repository 'actions/checkout@v4' (SHA:11d5960a326750d5838078e36cf38b85af677262)
2026-10-08T10:53:50.0667005Z Download action repository 'actions/setup-python@v5' (SHA:a26af69be951a213d495a4c3e4e4022e16d87065)
2026-10-08T10:53:50.1417832Z Download action repository 'actions/setup-node@v4' (SHA:49933ea5288caeca8642d1e84afbd3f7d6820020)
2026-10-08T10:53:50.2367671Z Download action repository 'actions/upload-artifact@v4' (SHA:ea165f8d65b6e75b540449e92b4886f43607fa02)
2026-10-08T10:53:50.4439481Z Complete job name: guard
2026-10-08T10:53:50.5278010Z ##[group]Run actions/checkout@v4
2026-10-08T10:53:50.5278917Z with:
2026-10-08T10:53:50.5279426Z   repository: kco994553-star/Investment-System1
2026-10-08T10:53:50.5284387Z   token: ***
2026-10-08T10:53:50.5284858Z   ssh-strict: true
2026-10-08T10:53:50.5285303Z   ssh-user: git
2026-10-08T10:53:50.5285764Z   persist-credentials: true
2026-10-08T10:53:50.5286266Z   clean: true
2026-10-08T10:53:50.5286716Z   sparse-checkout-cone-mode: true
2026-10-08T10:53:50.5287237Z   fetch-depth: 1
2026-10-08T10:53:50.5287671Z   fetch-tags: false
2026-10-08T10:53:50.5288115Z   show-progress: true
2026-10-08T10:53:50.5288568Z   lfs: false
2026-10-08T10:53:50.5288983Z   submodules: false
2026-10-08T10:53:50.5289440Z   set-safe-directory: true
2026-10-08T10:53:50.5289955Z   allow-unsafe-pr-checkout: false
2026-10-08T10:53:50.5291147Z ##[endgroup]
2026-10-08T10:53:50.6337156Z Syncing repository: kco994553-star/Investment-System1
2026-10-08T10:53:50.6339900Z ##[group]Getting Git version info
2026-10-08T10:53:50.6341659Z Working directory is '/home/runner/work/Investment-System1/Investment-System1'
2026-10-08T10:53:50.6343778Z [command]/usr/bin/git version
2026-10-08T10:53:50.6467127Z git version 2.55.0
2026-10-08T10:53:50.6493755Z ##[endgroup]
2026-10-08T10:53:50.6511937Z Temporarily overriding HOME='/home/runner/work/_temp/ade6903c-8aac-41d4-a3cc-e801597eb816' before making global git config changes
2026-10-08T10:53:50.6514697Z Adding repository directory to the temporary git global config as a safe directory
2026-10-08T10:53:50.6520236Z [command]/usr/bin/git config --global --add safe.directory /home/runner/work/Investment-System1/Investment-System1
2026-10-08T10:53:50.6588100Z Deleting the contents of '/home/runner/work/Investment-System1/Investment-System1'
2026-10-08T10:53:50.6593769Z ##[group]Initializing the repository
2026-10-08T10:53:50.6599261Z [command]/usr/bin/git init /home/runner/work/Investment-System1/Investment-System1
2026-10-08T10:53:50.6710368Z hint: Using 'master' as the name for the initial branch. This default branch name
2026-10-08T10:53:50.6712480Z hint: will change to "main" in Git 3.0. To configure the initial branch name
2026-10-08T10:53:50.6714358Z hint: to use in all of your new repositories, which will suppress this warning,
2026-10-08T10:53:50.6716187Z hint: call:
2026-10-08T10:53:50.6718395Z hint:
2026-10-08T10:53:50.6719705Z hint: 	git config --global init.defaultBranch <name>
2026-10-08T10:53:50.6721399Z hint:
2026-10-08T10:53:50.6722682Z hint: Names commonly chosen instead of 'master' are 'main', 'trunk' and
2026-10-08T10:53:50.6724727Z hint: 'development'. The just-created branch can be renamed via this command:
2026-10-08T10:53:50.6726273Z hint:
2026-10-08T10:53:50.6727241Z hint: 	git branch -m <name>
2026-10-08T10:53:50.6728197Z hint:
2026-10-08T10:53:50.6729625Z hint: Disable this message with "git config set advice.defaultBranchName false"
2026-10-08T10:53:50.6732389Z Initialized empty Git repository in /home/runner/work/Investment-System1/Investment-System1/.git/
2026-10-08T10:53:50.6855198Z [command]/usr/bin/git remote add origin https://github.com/kco994553-star/Investment-System1
2026-10-08T10:53:50.6859810Z ##[endgroup]
2026-10-08T10:53:50.6862010Z ##[group]Disabling automatic garbage collection
2026-10-08T10:53:50.6863515Z [command]/usr/bin/git config --local gc.auto 0
2026-10-08T10:53:50.6866608Z ##[endgroup]
2026-10-08T10:53:50.6868494Z ##[group]Setting up auth
2026-10-08T10:53:50.6871277Z [command]/usr/bin/git config --local --name-only --get-regexp core\.sshCommand
2026-10-08T10:53:50.6908720Z [command]/usr/bin/git submodule foreach --recursive sh -c "git config --local --name-only --get-regexp 'core\.sshCommand' && git config --local --unset-all 'core.sshCommand' || :"
2026-10-08T10:53:50.7312207Z [command]/usr/bin/git config --local --name-only --get-regexp http\.https\:\/\/github\.com\/\.extraheader
2026-10-08T10:53:50.7338053Z [command]/usr/bin/git submodule foreach --recursive sh -c "git config --local --name-only --get-regexp 'http\.https\:\/\/github\.com\/\.extraheader' && git config --local --unset-all 'http.https://github.com/.extraheader' || :"
2026-10-08T10:53:50.7584611Z [command]/usr/bin/git config --local --name-only --get-regexp ^includeIf\.gitdir:
2026-10-08T10:53:50.7622922Z [command]/usr/bin/git submodule foreach --recursive git config --local --show-origin --name-only --get-regexp remote.origin.url
2026-10-08T10:53:50.7863269Z [command]/usr/bin/git config --local http.https://github.com/.extraheader AUTHORIZATION: basic ***
2026-10-08T10:53:50.7904544Z ##[endgroup]
2026-10-08T10:53:50.7905457Z ##[group]Fetching the repository
2026-10-08T10:53:50.7914038Z [command]/usr/bin/git -c protocol.version=2 fetch --no-tags --prune --no-recurse-submodules --depth=1 origin +dedcba00d199e91ab1fe1a44db47b0db19a1a687:refs/remotes/pull/63/merge
2026-10-08T10:53:51.7797994Z From https://github.com/kco994553-star/Investment-System1
2026-10-08T10:53:51.7801339Z  * [new ref]         dedcba00d199e91ab1fe1a44db47b0db19a1a687 -> pull/63/merge
2026-10-08T10:53:51.7808542Z ##[endgroup]
2026-10-08T10:53:51.7811405Z ##[group]Determining the checkout info
2026-10-08T10:53:51.7814653Z ##[endgroup]
2026-10-08T10:53:51.7817058Z [command]/usr/bin/git sparse-checkout disable
2026-10-08T10:53:51.7870806Z [command]/usr/bin/git config --local --unset-all extensions.worktreeConfig
2026-10-08T10:53:51.7929157Z ##[group]Checking out the ref
2026-10-08T10:53:51.7931934Z [command]/usr/bin/git checkout --progress --force refs/remotes/pull/63/merge
2026-10-08T10:53:52.1792457Z Note: switching to 'refs/remotes/pull/63/merge'.
2026-10-08T10:53:52.1793113Z 
2026-10-08T10:53:52.1793572Z You are in 'detached HEAD' state. You can look around, make experimental
2026-10-08T10:53:52.1794616Z changes and commit them, and you can discard any commits you make in this
2026-10-08T10:53:52.1795512Z state without impacting any branches by switching back to a branch.
2026-10-08T10:53:52.1796248Z 
2026-10-08T10:53:52.1796545Z If you want to create a new branch to retain commits you create, you may
2026-10-08T10:53:52.1797182Z do so (now or later) by using -c with the switch command. Example:
2026-10-08T10:53:52.1797524Z 
2026-10-08T10:53:52.1797678Z   git switch -c <new-branch-name>
2026-10-08T10:53:52.1797916Z 
2026-10-08T10:53:52.1798098Z Or undo this operation with:
2026-10-08T10:53:52.1798371Z 
2026-10-08T10:53:52.1798502Z   git switch -
2026-10-08T10:53:52.1798705Z 
2026-10-08T10:53:52.1799008Z Turn off this advice by setting config variable advice.detachedHead to false
2026-10-08T10:53:52.1799431Z 
2026-10-08T10:53:52.1799889Z HEAD is now at dedcba0 Merge c6e00273b212a8d2c134909ec6ed803f8a43fb46 into fb086eac4321140493ce554a541343cebbb81ed6
2026-10-08T10:53:52.1811104Z ##[endgroup]
2026-10-08T10:53:52.1883075Z [command]/usr/bin/git log -1 --format=%H
2026-10-08T10:53:52.1912858Z dedcba00d199e91ab1fe1a44db47b0db19a1a687
2026-10-08T10:53:52.2207349Z ##[group]Run actions/setup-python@v5
2026-10-08T10:53:52.2207746Z with:
2026-10-08T10:53:52.2208013Z   python-version: 3.11
2026-10-08T10:53:52.2208296Z   check-latest: false
2026-10-08T10:53:52.2211427Z   token: ***
2026-10-08T10:53:52.2211711Z   update-environment: true
2026-10-08T10:53:52.2212012Z   allow-prereleases: false
2026-10-08T10:53:52.2212312Z   freethreaded: false
2026-10-08T10:53:52.2212571Z ##[endgroup]
2026-10-08T10:53:52.3574317Z ##[group]Installed versions
2026-10-08T10:53:52.3688058Z (node:2278) [DEP0040] DeprecationWarning: The `punycode` module is deprecated. Please use a userland alternative instead.
2026-10-08T10:53:52.3689363Z (Use `node --trace-deprecation ...` to show where the warning was created)
2026-10-08T10:53:52.3690157Z Successfully set up CPython (3.11.17)
2026-10-08T10:53:52.3691349Z ##[endgroup]
2026-10-08T10:53:52.3888270Z ##[group]Run python -m pip install pytest==9.1.1
2026-10-08T10:53:52.3889062Z [36;1mpython -m pip install pytest==9.1.1[0m
2026-10-08T10:53:52.4831760Z shell: /usr/bin/bash -e {0}
2026-10-08T10:53:52.4832220Z env:
2026-10-08T10:53:52.4832607Z   pythonLocation: /opt/hostedtoolcache/Python/3.11.17/x64
2026-10-08T10:53:52.4833201Z   PKG_CONFIG_PATH: /opt/hostedtoolcache/Python/3.11.17/x64/lib/pkgconfig
2026-10-08T10:53:52.4833774Z   Python_ROOT_DIR: /opt/hostedtoolcache/Python/3.11.17/x64
2026-10-08T10:53:52.4834291Z   Python2_ROOT_DIR: /opt/hostedtoolcache/Python/3.11.17/x64
2026-10-08T10:53:52.4834803Z   Python3_ROOT_DIR: /opt/hostedtoolcache/Python/3.11.17/x64
2026-10-08T10:53:52.4835322Z   LD_LIBRARY_PATH: /opt/hostedtoolcache/Python/3.11.17/x64/lib
2026-10-08T10:53:52.4835769Z ##[endgroup]
2026-10-08T10:53:58.1553195Z Collecting pytest==9.1.1
2026-10-08T10:53:58.2041981Z   Downloading pytest-9.1.1-py3-none-any.whl.metadata (7.6 kB)
2026-10-08T10:53:58.2180740Z Collecting iniconfig>=1.0.1 (from pytest==9.1.1)
2026-10-08T10:53:58.2211488Z   Downloading iniconfig-2.3.1-py3-none-any.whl.metadata (2.8 kB)
2026-10-08T10:53:58.2368677Z Collecting packaging>=22 (from pytest==9.1.1)
2026-10-08T10:53:58.2406518Z   Downloading packaging-26.3-py3-none-any.whl.metadata (3.5 kB)
2026-10-08T10:53:58.2524822Z Collecting pluggy<2,>=1.5 (from pytest==9.1.1)
2026-10-08T10:53:58.2559192Z   Downloading pluggy-1.6.0-py3-none-any.whl.metadata (4.8 kB)
2026-10-08T10:53:58.2745613Z Collecting pygments>=2.7.2 (from pytest==9.1.1)
2026-10-08T10:53:58.2783364Z   Downloading pygments-2.21.0-py3-none-any.whl.metadata (2.5 kB)
2026-10-08T10:53:58.2858928Z Downloading pytest-9.1.1-py3-none-any.whl (386 kB)
2026-10-08T10:53:58.3056677Z Downloading pluggy-1.6.0-py3-none-any.whl (20 kB)
2026-10-08T10:53:58.3108584Z Downloading iniconfig-2.3.1-py3-none-any.whl (7.6 kB)
2026-10-08T10:53:58.3156185Z Downloading packaging-26.3-py3-none-any.whl (129 kB)
2026-10-08T10:53:58.3209600Z Downloading pygments-2.21.0-py3-none-any.whl (1.3 MB)
2026-10-08T10:53:58.3319004Z    ━━━━━━━━━━━━━━━━━━━━━━━━━━━━━━━━━━━━━━━━ 1.3/1.3 MB 137.8 MB/s  0:00:00
2026-10-08T10:53:58.6146084Z Installing collected packages: pygments, pluggy, packaging, iniconfig, pytest
2026-10-08T10:53:59.6225725Z 
2026-10-08T10:53:59.6235714Z Successfully installed iniconfig-2.3.1 packaging-26.3 pluggy-1.6.0 pygments-2.21.0 pytest-9.1.1
2026-10-08T10:53:59.6776555Z ##[group]Run PYTHONPATH=src python -m pytest -q tests/test_web_research_guard.py
2026-10-08T10:53:59.6777220Z [36;1mPYTHONPATH=src python -m pytest -q tests/test_web_research_guard.py[0m
2026-10-08T10:53:59.6844097Z shell: /usr/bin/bash -e {0}
2026-10-08T10:53:59.6844365Z env:
2026-10-08T10:53:59.6844639Z   pythonLocation: /opt/hostedtoolcache/Python/3.11.17/x64
2026-10-08T10:53:59.6845084Z   PKG_CONFIG_PATH: /opt/hostedtoolcache/Python/3.11.17/x64/lib/pkgconfig
2026-10-08T10:53:59.6845540Z   Python_ROOT_DIR: /opt/hostedtoolcache/Python/3.11.17/x64
2026-10-08T10:53:59.6845931Z   Python2_ROOT_DIR: /opt/hostedtoolcache/Python/3.11.17/x64
2026-10-08T10:53:59.6846341Z   Python3_ROOT_DIR: /opt/hostedtoolcache/Python/3.11.17/x64
2026-10-08T10:53:59.6846754Z   LD_LIBRARY_PATH: /opt/hostedtoolcache/Python/3.11.17/x64/lib
2026-10-08T10:53:59.6847095Z ##[endgroup]
2026-10-08T10:54:01.0806822Z ...............                                                          [100%]
2026-10-08T10:54:01.0807673Z 15 passed in 0.45s
2026-10-08T10:54:01.1082217Z ##[group]Run python implementation/tools/build_web_research_guard_fixture.py --out /tmp/web-research-guard --evidence /tmp/web-research-guard-evidence
2026-10-08T10:54:01.1083301Z [36;1mpython implementation/tools/build_web_research_guard_fixture.py --out /tmp/web-research-guard --evidence /tmp/web-research-guard-evidence[0m
2026-10-08T10:54:01.1147187Z shell: /usr/bin/bash -e {0}
2026-10-08T10:54:01.1147439Z env:
2026-10-08T10:54:01.1147706Z   pythonLocation: /opt/hostedtoolcache/Python/3.11.17/x64
2026-10-08T10:54:01.1148158Z   PKG_CONFIG_PATH: /opt/hostedtoolcache/Python/3.11.17/x64/lib/pkgconfig
2026-10-08T10:54:01.1148604Z   Python_ROOT_DIR: /opt/hostedtoolcache/Python/3.11.17/x64
2026-10-08T10:54:01.1148986Z   Python2_ROOT_DIR: /opt/hostedtoolcache/Python/3.11.17/x64
2026-10-08T10:54:01.1149375Z   Python3_ROOT_DIR: /opt/hostedtoolcache/Python/3.11.17/x64
2026-10-08T10:54:01.1149751Z   LD_LIBRARY_PATH: /opt/hostedtoolcache/Python/3.11.17/x64/lib
2026-10-08T10:54:01.1150104Z ##[endgroup]
2026-10-08T10:54:01.3509423Z {
2026-10-08T10:54:01.3511264Z  "kind": "WEB_RESEARCH_GUARD_FIXTURE_V1",
2026-10-08T10:54:01.3511949Z  "scope": "TEST VECTORS ONLY; NOT_REAL_DATA; NO GRANT",
2026-10-08T10:54:01.3512427Z  "company": "nvda",
2026-10-08T10:54:01.3512727Z  "withheld": {
2026-10-08T10:54:01.3513144Z   "qgv": "producer.methodology.status: PROVISIONAL_RESEARCH",
2026-10-08T10:54:01.3513732Z   "changes": "producer.methodology.status: IDEA",
2026-10-08T10:54:01.3514373Z   "news": "producer.methodology.status: PROVISIONAL_INITIAL_PRIOR",
2026-10-08T10:54:01.3515096Z   "technical": "producer.methodology.status: PROVISIONAL",
2026-10-08T10:54:01.3515709Z   "leaderboard": "research_state.status: PROVISIONAL_RESEARCH"
2026-10-08T10:54:01.3516237Z  },
2026-10-08T10:54:01.3516510Z  "rendered": {
2026-10-08T10:54:01.3516834Z   "universe": "FROZEN_SNAPSHOT",
2026-10-08T10:54:01.3517242Z   "macro": "LIVE",
2026-10-08T10:54:01.3517557Z   "portfolio": "DEMO",
2026-10-08T10:54:01.3517908Z   "relationships": "NOT_AVAILABLE"
2026-10-08T10:54:01.3518275Z  },
2026-10-08T10:54:01.3518549Z  "withheld_probes": [
2026-10-08T10:54:01.3518856Z   "11.11",
2026-10-08T10:54:01.3519113Z   "22.22",
2026-10-08T10:54:01.3519364Z   "66.66",
2026-10-08T10:54:01.3519613Z   "77.77",
2026-10-08T10:54:01.3519896Z   "RESEARCH_PROBE_QGV",
2026-10-08T10:54:01.3520230Z   "RESEARCH_PROBE_REGIME",
2026-10-08T10:54:01.3520847Z   "RESEARCH_PROBE_ZONE",
2026-10-08T10:54:01.3521194Z   "RESEARCH_PROBE_CHANGES",
2026-10-08T10:54:01.3521543Z   "RESEARCH_PROBE_NEWS"
2026-10-08T10:54:01.3521849Z  ],
2026-10-08T10:54:01.3522112Z  "rendered_probes": {
2026-10-08T10:54:01.3522422Z   "macro": [
2026-10-08T10:54:01.3522708Z    "TEST_REGIME_VALID",
2026-10-08T10:54:01.3523010Z    "33.33"
2026-10-08T10:54:01.3523584Z   ],
2026-10-08T10:54:01.3523852Z   "portfolio": [
2026-10-08T10:54:01.3524141Z    "44.44%",
2026-10-08T10:54:01.3524428Z    "TEST DEMO / NOT ACTUAL"
2026-10-08T10:54:01.3524760Z   ]
2026-10-08T10:54:01.3525000Z  },
2026-10-08T10:54:01.3525275Z  "validation_withheld": {
2026-10-08T10:54:01.3525661Z   "variant-validation-fail-live.json": {
2026-10-08T10:54:01.3526077Z    "section": "macro",
2026-10-08T10:54:01.3526382Z    "state": "LIVE",
2026-10-08T10:54:01.3526672Z    "status": "FAIL"
2026-10-08T10:54:01.3526957Z   },
2026-10-08T10:54:01.3527281Z   "variant-validation-missing-live.json": {
2026-10-08T10:54:01.3527715Z    "section": "macro",
2026-10-08T10:54:01.3528019Z    "state": "LIVE",
2026-10-08T10:54:01.3528313Z    "status": null
2026-10-08T10:54:01.3528595Z   },
2026-10-08T10:54:01.3528930Z   "variant-validation-not-run-frozen.json": {
2026-10-08T10:54:01.3529376Z    "section": "universe",
2026-10-08T10:54:01.3529715Z    "state": "FROZEN_SNAPSHOT",
2026-10-08T10:54:01.3530081Z    "status": "NOT_RUN"
2026-10-08T10:54:01.3530380Z   }
2026-10-08T10:54:01.3530856Z  },
2026-10-08T10:54:01.3531124Z  "validation_probes": [
2026-10-08T10:54:01.3531457Z   "TEST_REGIME_VALID",
2026-10-08T10:54:01.3531756Z   "33.33",
2026-10-08T10:54:01.3532264Z   "TEST_EXPOSURE_VALID"
2026-10-08T10:54:01.3532618Z  ],
2026-10-08T10:54:01.3532916Z  "research_display": "NONE",
2026-10-08T10:54:01.3533281Z  "frozen_grant": "NONE",
2026-10-08T10:54:01.3533607Z  "live_grant": "NONE"
2026-10-08T10:54:01.3533903Z }
2026-10-08T10:54:01.3762974Z ##[group]Run actions/setup-node@v4
2026-10-08T10:54:01.3763291Z with:
2026-10-08T10:54:01.3763525Z   node-version: 22
2026-10-08T10:54:01.3763732Z   always-auth: false
2026-10-08T10:54:01.3763944Z   check-latest: false
2026-10-08T10:54:01.3766629Z   token: ***
2026-10-08T10:54:01.3766828Z env:
2026-10-08T10:54:01.3767084Z   pythonLocation: /opt/hostedtoolcache/Python/3.11.17/x64
2026-10-08T10:54:01.3767529Z   PKG_CONFIG_PATH: /opt/hostedtoolcache/Python/3.11.17/x64/lib/pkgconfig
2026-10-08T10:54:01.3767970Z   Python_ROOT_DIR: /opt/hostedtoolcache/Python/3.11.17/x64
2026-10-08T10:54:01.3768357Z   Python2_ROOT_DIR: /opt/hostedtoolcache/Python/3.11.17/x64
2026-10-08T10:54:01.3768764Z   Python3_ROOT_DIR: /opt/hostedtoolcache/Python/3.11.17/x64
2026-10-08T10:54:01.3769157Z   LD_LIBRARY_PATH: /opt/hostedtoolcache/Python/3.11.17/x64/lib
2026-10-08T10:54:01.3769478Z ##[endgroup]
2026-10-08T10:54:01.5207515Z Found in cache @ /opt/hostedtoolcache/node/22.23.3/x64
2026-10-08T10:54:01.5211330Z (node:2319) [DEP0040] DeprecationWarning: The `punycode` module is deprecated. Please use a userland alternative instead.
2026-10-08T10:54:01.5212087Z (Use `node --trace-deprecation ...` to show where the warning was created)
2026-10-08T10:54:01.5214652Z ##[group]Environment details
2026-10-08T10:54:01.9135569Z node: v22.23.3
2026-10-08T10:54:01.9135983Z npm: 10.9.9
2026-10-08T10:54:01.9136302Z yarn: 1.22.22
2026-10-08T10:54:01.9137025Z ##[endgroup]
2026-10-08T10:54:01.9256464Z ##[group]Run npm install --prefix /tmp/guard-browser playwright@1.58.2
2026-10-08T10:54:01.9256993Z [36;1mnpm install --prefix /tmp/guard-browser playwright@1.58.2[0m
2026-10-08T10:54:01.9327140Z shell: /usr/bin/bash -e {0}
2026-10-08T10:54:01.9327397Z env:
2026-10-08T10:54:01.9327663Z   pythonLocation: /opt/hostedtoolcache/Python/3.11.17/x64
2026-10-08T10:54:01.9328120Z   PKG_CONFIG_PATH: /opt/hostedtoolcache/Python/3.11.17/x64/lib/pkgconfig
2026-10-08T10:54:01.9328551Z   Python_ROOT_DIR: /opt/hostedtoolcache/Python/3.11.17/x64
2026-10-08T10:54:01.9328934Z   Python2_ROOT_DIR: /opt/hostedtoolcache/Python/3.11.17/x64
2026-10-08T10:54:01.9329315Z   Python3_ROOT_DIR: /opt/hostedtoolcache/Python/3.11.17/x64
2026-10-08T10:54:01.9329701Z   LD_LIBRARY_PATH: /opt/hostedtoolcache/Python/3.11.17/x64/lib
2026-10-08T10:54:01.9330023Z ##[endgroup]
2026-10-08T10:54:04.0938460Z 
2026-10-08T10:54:04.0946308Z added 2 packages in 2s
2026-10-08T10:54:04.1457118Z ##[group]Run /tmp/guard-browser/node_modules/.bin/playwright install --with-deps chromium
2026-10-08T10:54:04.1457955Z [36;1m/tmp/guard-browser/node_modules/.bin/playwright install --with-deps chromium[0m
2026-10-08T10:54:04.1522019Z shell: /usr/bin/bash -e {0}
2026-10-08T10:54:04.1522270Z env:
2026-10-08T10:54:04.1522530Z   pythonLocation: /opt/hostedtoolcache/Python/3.11.17/x64
2026-10-08T10:54:04.1522978Z   PKG_CONFIG_PATH: /opt/hostedtoolcache/Python/3.11.17/x64/lib/pkgconfig
2026-10-08T10:54:04.1523412Z   Python_ROOT_DIR: /opt/hostedtoolcache/Python/3.11.17/x64
2026-10-08T10:54:04.1523803Z   Python2_ROOT_DIR: /opt/hostedtoolcache/Python/3.11.17/x64
2026-10-08T10:54:04.1524198Z   Python3_ROOT_DIR: /opt/hostedtoolcache/Python/3.11.17/x64
2026-10-08T10:54:04.1524607Z   LD_LIBRARY_PATH: /opt/hostedtoolcache/Python/3.11.17/x64/lib
2026-10-08T10:54:04.1524934Z ##[endgroup]
2026-10-08T10:54:04.8289593Z Installing dependencies...
2026-10-08T10:54:04.8366894Z Switching to root user to install dependencies...
2026-10-08T10:54:04.9172756Z Get:1 file:/etc/apt/apt-mirrors.txt Mirrorlist [144 B]
2026-10-08T10:54:04.9632257Z Hit:2 http://azure.archive.ubuntu.com/ubuntu noble InRelease
2026-10-08T10:54:04.9661693Z Get:6 https://packages.microsoft.com/ubuntu/24.04/prod noble InRelease [3600 B]
2026-10-08T10:54:04.9691177Z Get:3 http://azure.archive.ubuntu.com/ubuntu noble-updates InRelease [126 kB]
2026-10-08T10:54:04.9721781Z Get:4 http://azure.archive.ubuntu.com/ubuntu noble-backports InRelease [126 kB]
2026-10-08T10:54:04.9727763Z Get:5 http://azure.archive.ubuntu.com/ubuntu noble-security InRelease [126 kB]
2026-10-08T10:54:05.1095796Z Get:7 https://packages.microsoft.com/ubuntu/24.04/prod noble/main arm64 Packages [475 kB]
2026-10-08T10:54:05.1275962Z Get:8 https://packages.microsoft.com/ubuntu/24.04/prod noble/main amd64 Packages [530 kB]
2026-10-08T10:54:05.1355047Z Get:9 https://packages.microsoft.com/ubuntu/24.04/prod noble/main armhf Packages [12.3 kB]
2026-10-08T10:54:05.1389277Z Get:10 https://packages.microsoft.com/ubuntu/24.04/prod noble/main all Packages [640 B]
2026-10-08T10:54:05.1612819Z Get:11 http://azure.archive.ubuntu.com/ubuntu noble-updates/main amd64 Packages [1375 kB]
2026-10-08T10:54:05.1701971Z Get:12 http://azure.archive.ubuntu.com/ubuntu noble-updates/main Translation-en [306 kB]
2026-10-08T10:54:05.1713557Z Get:13 http://azure.archive.ubuntu.com/ubuntu noble-updates/universe amd64 Packages [1702 kB]
2026-10-08T10:54:05.1813587Z Get:14 http://azure.archive.ubuntu.com/ubuntu noble-updates/universe Translation-en [341 kB]
2026-10-08T10:54:05.1843539Z Get:15 http://azure.archive.ubuntu.com/ubuntu noble-updates/restricted amd64 Packages [1761 kB]
2026-10-08T10:54:05.1932357Z Get:16 http://azure.archive.ubuntu.com/ubuntu noble-updates/restricted Translation-en [401 kB]
2026-10-08T10:54:05.1957127Z Get:17 http://azure.archive.ubuntu.com/ubuntu noble-updates/multiverse amd64 Packages [55.0 kB]
2026-10-08T10:54:05.1966604Z Get:18 http://azure.archive.ubuntu.com/ubuntu noble-updates/multiverse Translation-en [14.3 kB]
2026-10-08T10:54:05.2746919Z Get:19 http://azure.archive.ubuntu.com/ubuntu noble-security/main amd64 Packages [1074 kB]
2026-10-08T10:54:05.2807368Z Get:20 http://azure.archive.ubuntu.com/ubuntu noble-security/main Translation-en [223 kB]
2026-10-08T10:54:05.3273259Z Get:21 http://azure.archive.ubuntu.com/ubuntu noble-security/universe amd64 Packages [1218 kB]
2026-10-08T10:54:05.3337018Z Get:22 http://azure.archive.ubuntu.com/ubuntu noble-security/universe Translation-en [245 kB]
2026-10-08T10:54:05.3356304Z Get:23 http://azure.archive.ubuntu.com/ubuntu noble-security/multiverse Translation-en [11.6 kB]
2026-10-08T10:54:08.0404032Z Fetched 10.1 MB in 1s (9349 kB/s)
2026-10-08T10:54:08.9145927Z Reading package lists...
2026-10-08T10:54:08.9382647Z Reading package lists...
2026-10-08T10:54:09.1238819Z Building dependency tree...
2026-10-08T10:54:09.1246416Z Reading state information...
2026-10-08T10:54:09.2745815Z libasound2t64 is already the newest version (1.2.11-1ubuntu0.3).
2026-10-08T10:54:09.2746879Z libasound2t64 set to manually installed.
2026-10-08T10:54:09.2747841Z libatk-bridge2.0-0t64 is already the newest version (2.52.0-1build1).
2026-10-08T10:54:09.2749109Z libatk-bridge2.0-0t64 set to manually installed.
2026-10-08T10:54:09.2749888Z libatk1.0-0t64 is already the newest version (2.52.0-1build1).
2026-10-08T10:54:09.2750831Z libatk1.0-0t64 set to manually installed.
2026-10-08T10:54:09.2751495Z libatspi2.0-0t64 is already the newest version (2.52.0-1build1).
2026-10-08T10:54:09.2751927Z libatspi2.0-0t64 set to manually installed.
2026-10-08T10:54:09.2752348Z libcairo2 is already the newest version (1.18.0-3build1).
2026-10-08T10:54:09.2752747Z libcairo2 set to manually installed.
2026-10-08T10:54:09.2753166Z libcups2t64 is already the newest version (2.4.7-1.2ubuntu7.14).
2026-10-08T10:54:09.2753573Z libcups2t64 set to manually installed.
2026-10-08T10:54:09.2754230Z libdbus-1-3 is already the newest version (1.14.10-4ubuntu4.1).
2026-10-08T10:54:09.2754654Z libdbus-1-3 set to manually installed.
2026-10-08T10:54:09.2755069Z libdrm2 is already the newest version (2.4.125-1ubuntu0.1~24.04.2).
2026-10-08T10:54:09.2755471Z libdrm2 set to manually installed.
2026-10-08T10:54:09.2755863Z libgbm1 is already the newest version (25.2.8-0ubuntu0.24.04.4).
2026-10-08T10:54:09.2756416Z libgbm1 set to manually installed.
2026-10-08T10:54:09.2756853Z libglib2.0-0t64 is already the newest version (2.80.0-6ubuntu3.9).
2026-10-08T10:54:09.2757288Z libglib2.0-0t64 set to manually installed.
2026-10-08T10:54:09.2757716Z libnspr4 is already the newest version (2:4.35-1.1build1).
2026-10-08T10:54:09.2758108Z libnspr4 set to manually installed.
2026-10-08T10:54:09.2758794Z libnss3 is already the newest version (2:3.98-1ubuntu0.2).
2026-10-08T10:54:09.2759437Z libnss3 set to manually installed.
2026-10-08T10:54:09.2760164Z libpango-1.0-0 is already the newest version (1.52.1+ds-1build1).
2026-10-08T10:54:09.2761146Z libpango-1.0-0 set to manually installed.
2026-10-08T10:54:09.2761806Z libx11-6 is already the newest version (2:1.8.7-1build1).
2026-10-08T10:54:09.2762180Z libx11-6 set to manually installed.
2026-10-08T10:54:09.2762543Z libxcb1 is already the newest version (1.15-1ubuntu2).
2026-10-08T10:54:09.2762991Z libxcb1 set to manually installed.
2026-10-08T10:54:09.2763406Z libxcomposite1 is already the newest version (1:0.4.5-1build3).
2026-10-08T10:54:09.2763913Z libxcomposite1 set to manually installed.
2026-10-08T10:54:09.2764679Z libxdamage1 is already the newest version (1:1.1.6-1build1).
2026-10-08T10:54:09.2765384Z libxdamage1 set to manually installed.
2026-10-08T10:54:09.2766004Z libxext6 is already the newest version (2:1.3.4-1build2).
2026-10-08T10:54:09.2766373Z libxext6 set to manually installed.
2026-10-08T10:54:09.2766772Z libxfixes3 is already the newest version (1:6.0.0-2build1).
2026-10-08T10:54:09.2767150Z libxfixes3 set to manually installed.
2026-10-08T10:54:09.2767540Z libxkbcommon0 is already the newest version (1.6.0-1build1).
2026-10-08T10:54:09.2768267Z libxkbcommon0 set to manually installed.
2026-10-08T10:54:09.2769044Z libxrandr2 is already the newest version (2:1.5.2-2build1).
2026-10-08T10:54:09.2769781Z libxrandr2 set to manually installed.
2026-10-08T10:54:09.2770758Z xvfb is already the newest version (2:21.1.12-1ubuntu1.8).
2026-10-08T10:54:09.2771774Z fonts-noto-color-emoji is already the newest version (2.047-0ubuntu0.24.04.1).
2026-10-08T10:54:09.2772837Z libfontconfig1 is already the newest version (2.15.0-1.1ubuntu2).
2026-10-08T10:54:09.2773569Z libfontconfig1 set to manually installed.
2026-10-08T10:54:09.2774304Z fonts-liberation is already the newest version (1:2.1.5-3).
2026-10-08T10:54:09.2775027Z fonts-liberation set to manually installed.
2026-10-08T10:54:09.2775727Z The following additional packages will be installed:
2026-10-08T10:54:09.2776346Z   xfonts-encodings xfonts-utils
2026-10-08T10:54:09.2776830Z Recommended packages:
2026-10-08T10:54:09.2777308Z   fonts-ipafont-mincho fonts-tlwg-loma
2026-10-08T10:54:09.2945339Z The following NEW packages will be installed:
2026-10-08T10:54:09.2946464Z   fonts-freefont-ttf fonts-ipafont-gothic fonts-tlwg-loma-otf fonts-unifont
2026-10-08T10:54:09.2952441Z   fonts-wqy-zenhei xfonts-cyrillic xfonts-encodings xfonts-scalable
2026-10-08T10:54:09.2953386Z   xfonts-utils
2026-10-08T10:54:09.2957575Z The following packages will be upgraded:
2026-10-08T10:54:09.2964142Z   libfreetype6
2026-10-08T10:54:09.3128641Z 1 upgraded, 9 newly installed, 0 to remove and 16 not upgraded.
2026-10-08T10:54:09.3129420Z Need to get 21.5 MB of archives.
2026-10-08T10:54:09.3130200Z After this operation, 79.5 MB of additional disk space will be used.
2026-10-08T10:54:09.3131272Z Get:1 file:/etc/apt/apt-mirrors.txt Mirrorlist [144 B]
2026-10-08T10:54:09.6082598Z Get:2 http://azure.archive.ubuntu.com/ubuntu noble/universe amd64 fonts-ipafont-gothic all 00303-21ubuntu1 [3513 kB]
2026-10-08T10:54:09.9030820Z Get:3 http://azure.archive.ubuntu.com/ubuntu noble/main amd64 fonts-freefont-ttf all 20211204+svn4273-2 [5641 kB]
2026-10-08T10:54:10.2882541Z Get:4 http://azure.archive.ubuntu.com/ubuntu noble/universe amd64 fonts-tlwg-loma-otf all 1:0.7.3-1 [107 kB]
2026-10-08T10:54:10.4303035Z Get:5 http://azure.archive.ubuntu.com/ubuntu noble/universe amd64 fonts-unifont all 1:15.1.01-1build1 [2993 kB]
2026-10-08T10:54:10.7047867Z Get:6 http://azure.archive.ubuntu.com/ubuntu noble/universe amd64 fonts-wqy-zenhei all 0.9.45-8 [7472 kB]
2026-10-08T10:54:11.1739789Z Get:7 http://azure.archive.ubuntu.com/ubuntu noble-updates/main amd64 libfreetype6 amd64 2.13.2+dfsg-1ubuntu0.2 [403 kB]
2026-10-08T10:54:11.3296538Z Get:8 http://azure.archive.ubuntu.com/ubuntu noble/main amd64 xfonts-encodings all 1:1.0.5-0ubuntu2 [578 kB]
2026-10-08T10:54:11.4928684Z Get:9 http://azure.archive.ubuntu.com/ubuntu noble/main amd64 xfonts-utils amd64 1:7.7+6build3 [94.4 kB]
2026-10-08T10:54:11.6351206Z Get:10 http://azure.archive.ubuntu.com/ubuntu noble/universe amd64 xfonts-cyrillic all 1:1.0.5+nmu1 [384 kB]
2026-10-08T10:54:11.7895655Z Get:11 http://azure.archive.ubuntu.com/ubuntu noble/main amd64 xfonts-scalable all 1:1.0.3-1.3 [304 kB]
2026-10-08T10:54:12.0458592Z Fetched 21.5 MB in 2s (8599 kB/s)
2026-10-08T10:54:12.0695738Z Selecting previously unselected package fonts-ipafont-gothic.
2026-10-08T10:54:12.0978368Z (Reading database ... 
2026-10-08T10:54:12.0978851Z (Reading database ... 5%
2026-10-08T10:54:12.0979147Z (Reading database ... 10%
2026-10-08T10:54:12.0979416Z (Reading database ... 15%
2026-10-08T10:54:12.0979670Z (Reading database ... 20%
2026-10-08T10:54:12.0979916Z (Reading database ... 25%
2026-10-08T10:54:12.0980166Z (Reading database ... 30%
2026-10-08T10:54:12.0980582Z (Reading database ... 35%
2026-10-08T10:54:12.0980853Z (Reading database ... 40%
2026-10-08T10:54:12.0981098Z (Reading database ... 45%
2026-10-08T10:54:12.0981350Z (Reading database ... 50%
2026-10-08T10:54:12.1031750Z (Reading database ... 55%
2026-10-08T10:54:12.2231094Z (Reading database ... 60%
2026-10-08T10:54:12.4102991Z (Reading database ... 65%
2026-10-08T10:54:12.6113380Z (Reading database ... 70%
2026-10-08T10:54:12.8100652Z (Reading database ... 75%
2026-10-08T10:54:12.9711651Z (Reading database ... 80%
2026-10-08T10:54:13.3656179Z (Reading database ... 85%
2026-10-08T10:54:13.5713389Z (Reading database ... 90%
2026-10-08T10:54:13.7242554Z (Reading database ... 95%
2026-10-08T10:54:13.7243053Z (Reading database ... 100%
2026-10-08T10:54:13.7243701Z (Reading database ... 203191 files and directories currently installed.)
2026-10-08T10:54:13.7284453Z Preparing to unpack .../0-fonts-ipafont-gothic_00303-21ubuntu1_all.deb ...
2026-10-08T10:54:13.7380008Z Unpacking fonts-ipafont-gothic (00303-21ubuntu1) ...
2026-10-08T10:54:13.9608700Z Selecting previously unselected package fonts-freefont-ttf.
2026-10-08T10:54:13.9733523Z Preparing to unpack .../1-fonts-freefont-ttf_20211204+svn4273-2_all.deb ...
2026-10-08T10:54:13.9742388Z Unpacking fonts-freefont-ttf (20211204+svn4273-2) ...
2026-10-08T10:54:14.0508145Z Selecting previously unselected package fonts-tlwg-loma-otf.
2026-10-08T10:54:14.0633589Z Preparing to unpack .../2-fonts-tlwg-loma-otf_1%3a0.7.3-1_all.deb ...
2026-10-08T10:54:14.0642318Z Unpacking fonts-tlwg-loma-otf (1:0.7.3-1) ...
2026-10-08T10:54:14.0855150Z Selecting previously unselected package fonts-unifont.
2026-10-08T10:54:14.0980997Z Preparing to unpack .../3-fonts-unifont_1%3a15.1.01-1build1_all.deb ...
2026-10-08T10:54:14.0988747Z Unpacking fonts-unifont (1:15.1.01-1build1) ...
2026-10-08T10:54:14.2036091Z Selecting previously unselected package fonts-wqy-zenhei.
2026-10-08T10:54:14.2162468Z Preparing to unpack .../4-fonts-wqy-zenhei_0.9.45-8_all.deb ...
2026-10-08T10:54:14.2264863Z Unpacking fonts-wqy-zenhei (0.9.45-8) ...
2026-10-08T10:54:14.7078051Z Preparing to unpack .../5-libfreetype6_2.13.2+dfsg-1ubuntu0.2_amd64.deb ...
2026-10-08T10:54:14.7115932Z Unpacking libfreetype6:amd64 (2.13.2+dfsg-1ubuntu0.2) over (2.13.2+dfsg-1ubuntu0.1) ...
2026-10-08T10:54:14.7372388Z Selecting previously unselected package xfonts-encodings.
2026-10-08T10:54:14.7496359Z Preparing to unpack .../6-xfonts-encodings_1%3a1.0.5-0ubuntu2_all.deb ...
2026-10-08T10:54:14.7505090Z Unpacking xfonts-encodings (1:1.0.5-0ubuntu2) ...
2026-10-08T10:54:14.7807195Z Selecting previously unselected package xfonts-utils.
2026-10-08T10:54:14.7931557Z Preparing to unpack .../7-xfonts-utils_1%3a7.7+6build3_amd64.deb ...
2026-10-08T10:54:14.7939677Z Unpacking xfonts-utils (1:7.7+6build3) ...
2026-10-08T10:54:14.8304212Z Selecting previously unselected package xfonts-cyrillic.
2026-10-08T10:54:14.8439271Z Preparing to unpack .../8-xfonts-cyrillic_1%3a1.0.5+nmu1_all.deb ...
2026-10-08T10:54:14.8446858Z Unpacking xfonts-cyrillic (1:1.0.5+nmu1) ...
2026-10-08T10:54:14.8802438Z Selecting previously unselected package xfonts-scalable.
2026-10-08T10:54:14.8926800Z Preparing to unpack .../9-xfonts-scalable_1%3a1.0.3-1.3_all.deb ...
2026-10-08T10:54:14.8934458Z Unpacking xfonts-scalable (1:1.0.3-1.3) ...
2026-10-08T10:54:14.9356298Z Setting up fonts-wqy-zenhei (0.9.45-8) ...
2026-10-08T10:54:14.9474240Z Setting up fonts-freefont-ttf (20211204+svn4273-2) ...
2026-10-08T10:54:14.9492981Z Setting up fonts-tlwg-loma-otf (1:0.7.3-1) ...
2026-10-08T10:54:14.9513729Z Setting up libfreetype6:amd64 (2.13.2+dfsg-1ubuntu0.2) ...
2026-10-08T10:54:14.9532541Z Setting up xfonts-encodings (1:1.0.5-0ubuntu2) ...
2026-10-08T10:54:14.9552011Z Setting up fonts-ipafont-gothic (00303-21ubuntu1) ...
2026-10-08T10:54:14.9620319Z update-alternatives: using /usr/share/fonts/opentype/ipafont-gothic/ipag.ttf to provide /usr/share/fonts/truetype/fonts-japanese-gothic.ttf (fonts-japanese-gothic.ttf) in auto mode
2026-10-08T10:54:14.9636479Z Setting up fonts-unifont (1:15.1.01-1build1) ...
2026-10-08T10:54:14.9667064Z Setting up xfonts-utils (1:7.7+6build3) ...
2026-10-08T10:54:14.9706498Z Setting up xfonts-cyrillic (1:1.0.5+nmu1) ...
2026-10-08T10:54:14.9995291Z Setting up xfonts-scalable (1:1.0.3-1.3) ...
2026-10-08T10:54:15.0257560Z Processing triggers for libc-bin (2.39-0ubuntu8.9) ...
2026-10-08T10:54:15.0562995Z Processing triggers for man-db (2.12.0-4build2) ...
2026-10-08T10:54:15.0585506Z Not building database; man-db/auto-update is not 'true'.
2026-10-08T10:54:15.0603025Z Processing triggers for fontconfig (2.15.0-1.1ubuntu2) ...
2026-10-08T10:54:15.7716469Z 
2026-10-08T10:54:15.7717139Z Running kernel seems to be up-to-date.
2026-10-08T10:54:15.7717494Z 
2026-10-08T10:54:15.7717641Z Restarting services...
2026-10-08T10:54:15.7793553Z  systemctl restart php8.3-fpm.service
2026-10-08T10:54:15.8891243Z 
2026-10-08T10:54:15.8891871Z No containers need to be restarted.
2026-10-08T10:54:15.8892249Z 
2026-10-08T10:54:15.8892560Z No user sessions are running outdated binaries.
2026-10-08T10:54:15.8892906Z 
2026-10-08T10:54:15.8893382Z No VM guests are running outdated hypervisor (qemu) binaries on this host.
2026-10-08T10:54:16.7886481Z Downloading Chrome for Testing 145.0.7632.6 (playwright chromium v1208) from https://cdn.playwright.dev/builds/cft/145.0.7632.6/linux64/chrome-linux64.zip
2026-10-08T10:54:16.9917208Z |                                                                                |   0% of 167.3 MiB
2026-10-08T10:54:17.1554538Z |■■■■■■■■                                                                        |  10% of 167.3 MiB
2026-10-08T10:54:17.2399092Z |■■■■■■■■■■■■■■■■                                                                |  20% of 167.3 MiB
2026-10-08T10:54:17.3234242Z |■■■■■■■■■■■■■■■■■■■■■■■■                                                        |  30% of 167.3 MiB
2026-10-08T10:54:17.3956821Z |■■■■■■■■■■■■■■■■■■■■■■■■■■■■■■■■                                                |  40% of 167.3 MiB
2026-10-08T10:54:17.4705495Z |■■■■■■■■■■■■■■■■■■■■■■■■■■■■■■■■■■■■■■■■                                        |  50% of 167.3 MiB
2026-10-08T10:54:17.5513499Z |■■■■■■■■■■■■■■■■■■■■■■■■■■■■■■■■■■■■■■■■■■■■■■■■                                |  60% of 167.3 MiB
2026-10-08T10:54:17.6287092Z |■■■■■■■■■■■■■■■■■■■■■■■■■■■■■■■■■■■■■■■■■■■■■■■■■■■■■■■■                        |  70% of 167.3 MiB
2026-10-08T10:54:17.7151159Z |■■■■■■■■■■■■■■■■■■■■■■■■■■■■■■■■■■■■■■■■■■■■■■■■■■■■■■■■■■■■■■■■                |  80% of 167.3 MiB
2026-10-08T10:54:17.7889895Z |■■■■■■■■■■■■■■■■■■■■■■■■■■■■■■■■■■■■■■■■■■■■■■■■■■■■■■■■■■■■■■■■■■■■■■■■        |  90% of 167.3 MiB
2026-10-08T10:54:17.8697341Z |■■■■■■■■■■■■■■■■■■■■■■■■■■■■■■■■■■■■■■■■■■■■■■■■■■■■■■■■■■■■■■■■■■■■■■■■■■■■■■■■| 100% of 167.3 MiB
2026-10-08T10:54:20.5614899Z Chrome for Testing 145.0.7632.6 (playwright chromium v1208) downloaded to /home/runner/.cache/ms-playwright/chromium-1208
2026-10-08T10:54:20.5618142Z Downloading FFmpeg (playwright ffmpeg v1011) from https://cdn.playwright.dev/dbazure/download/playwright/builds/ffmpeg/1011/ffmpeg-linux.zip
2026-10-08T10:54:20.6887182Z |                                                                                |   0% of 2.3 MiB
2026-10-08T10:54:20.6918441Z |■■■■■■■■                                                                        |  10% of 2.3 MiB
2026-10-08T10:54:20.6943260Z |■■■■■■■■■■■■■■■■                                                                |  20% of 2.3 MiB
2026-10-08T10:54:20.6964465Z |■■■■■■■■■■■■■■■■■■■■■■■■                                                        |  30% of 2.3 MiB
2026-10-08T10:54:20.6981694Z |■■■■■■■■■■■■■■■■■■■■■■■■■■■■■■■■                                                |  40% of 2.3 MiB
2026-10-08T10:54:20.6997034Z |■■■■■■■■■■■■■■■■■■■■■■■■■■■■■■■■■■■■■■■■                                        |  50% of 2.3 MiB
2026-10-08T10:54:20.7012181Z |■■■■■■■■■■■■■■■■■■■■■■■■■■■■■■■■■■■■■■■■■■■■■■■■                                |  60% of 2.3 MiB
2026-10-08T10:54:20.7027616Z |■■■■■■■■■■■■■■■■■■■■■■■■■■■■■■■■■■■■■■■■■■■■■■■■■■■■■■■■                        |  70% of 2.3 MiB
2026-10-08T10:54:20.7044254Z |■■■■■■■■■■■■■■■■■■■■■■■■■■■■■■■■■■■■■■■■■■■■■■■■■■■■■■■■■■■■■■■■                |  80% of 2.3 MiB
2026-10-08T10:54:20.7061121Z |■■■■■■■■■■■■■■■■■■■■■■■■■■■■■■■■■■■■■■■■■■■■■■■■■■■■■■■■■■■■■■■■■■■■■■■■        |  90% of 2.3 MiB
2026-10-08T10:54:20.7077234Z |■■■■■■■■■■■■■■■■■■■■■■■■■■■■■■■■■■■■■■■■■■■■■■■■■■■■■■■■■■■■■■■■■■■■■■■■■■■■■■■■| 100% of 2.3 MiB
2026-10-08T10:54:20.7676798Z FFmpeg (playwright ffmpeg v1011) downloaded to /home/runner/.cache/ms-playwright/ffmpeg-1011
2026-10-08T10:54:20.7679252Z Downloading Chrome Headless Shell 145.0.7632.6 (playwright chromium-headless-shell v1208) from https://cdn.playwright.dev/builds/cft/145.0.7632.6/linux64/chrome-headless-shell-linux64.zip
2026-10-08T10:54:20.9520237Z |                                                                                |   0% of 110.9 MiB
2026-10-08T10:54:21.0769734Z |■■■■■■■■                                                                        |  10% of 110.9 MiB
2026-10-08T10:54:21.1309276Z |■■■■■■■■■■■■■■■■                                                                |  20% of 110.9 MiB
2026-10-08T10:54:21.1849744Z |■■■■■■■■■■■■■■■■■■■■■■■■                                                        |  30% of 110.9 MiB
2026-10-08T10:54:21.2356749Z |■■■■■■■■■■■■■■■■■■■■■■■■■■■■■■■■                                                |  40% of 110.9 MiB
2026-10-08T10:54:21.2851342Z |■■■■■■■■■■■■■■■■■■■■■■■■■■■■■■■■■■■■■■■■                                        |  50% of 110.9 MiB
2026-10-08T10:54:21.3392869Z |■■■■■■■■■■■■■■■■■■■■■■■■■■■■■■■■■■■■■■■■■■■■■■■■                                |  60% of 110.9 MiB
2026-10-08T10:54:21.3901638Z |■■■■■■■■■■■■■■■■■■■■■■■■■■■■■■■■■■■■■■■■■■■■■■■■■■■■■■■■                        |  70% of 110.9 MiB
2026-10-08T10:54:21.4400803Z |■■■■■■■■■■■■■■■■■■■■■■■■■■■■■■■■■■■■■■■■■■■■■■■■■■■■■■■■■■■■■■■■                |  80% of 110.9 MiB
2026-10-08T10:54:21.4922716Z |■■■■■■■■■■■■■■■■■■■■■■■■■■■■■■■■■■■■■■■■■■■■■■■■■■■■■■■■■■■■■■■■■■■■■■■■        |  90% of 110.9 MiB
2026-10-08T10:54:21.5414889Z |■■■■■■■■■■■■■■■■■■■■■■■■■■■■■■■■■■■■■■■■■■■■■■■■■■■■■■■■■■■■■■■■■■■■■■■■■■■■■■■■| 100% of 110.9 MiB
2026-10-08T10:54:23.5109083Z Chrome Headless Shell 145.0.7632.6 (playwright chromium-headless-shell v1208) downloaded to /home/runner/.cache/ms-playwright/chromium_headless_shell-1208
2026-10-08T10:54:23.5329304Z ##[group]Run node implementation/tools/web_research_guard_browser_test.js --dir /tmp/web-research-guard --evidence /tmp/web-research-guard-evidence
2026-10-08T10:54:23.5330419Z [36;1mnode implementation/tools/web_research_guard_browser_test.js --dir /tmp/web-research-guard --evidence /tmp/web-research-guard-evidence[0m
2026-10-08T10:54:23.5394150Z shell: /usr/bin/bash -e {0}
2026-10-08T10:54:23.5394406Z env:
2026-10-08T10:54:23.5394755Z   pythonLocation: /opt/hostedtoolcache/Python/3.11.17/x64
2026-10-08T10:54:23.5395349Z   PKG_CONFIG_PATH: /opt/hostedtoolcache/Python/3.11.17/x64/lib/pkgconfig
2026-10-08T10:54:23.5395872Z   Python_ROOT_DIR: /opt/hostedtoolcache/Python/3.11.17/x64
2026-10-08T10:54:23.5396437Z   Python2_ROOT_DIR: /opt/hostedtoolcache/Python/3.11.17/x64
2026-10-08T10:54:23.5396937Z   Python3_ROOT_DIR: /opt/hostedtoolcache/Python/3.11.17/x64
2026-10-08T10:54:23.5397525Z   LD_LIBRARY_PATH: /opt/hostedtoolcache/Python/3.11.17/x64/lib
2026-10-08T10:54:23.5398106Z   NODE_PATH: /tmp/guard-browser/node_modules
2026-10-08T10:54:23.5398511Z ##[endgroup]
2026-10-08T10:54:24.5727723Z PASS served data.json still carries the hand-built research sections unchanged
2026-10-08T10:54:25.3802706Z PASS ko-KR: withheld sections show NOT_AVAILABLE + reason and no value on every route
2026-10-08T10:54:25.7623121Z PASS ko-KR: each research-marked section is withheld where it is shown
2026-10-08T10:54:25.9102960Z AssertionError [ERR_ASSERTION]: The expression evaluated to a falsy value:
2026-10-08T10:54:25.9103532Z 
2026-10-08T10:54:25.9103936Z   assert.ok((await page.locator("main").textContent()).includes("44.44%"))
2026-10-08T10:54:25.9104409Z 
2026-10-08T10:54:25.9105221Z     at /home/runner/work/Investment-System1/Investment-System1/implementation/tools/web_research_guard_browser_test.js:162:18
2026-10-08T10:54:25.9106891Z     at async check (/home/runner/work/Investment-System1/Investment-System1/implementation/tools/web_research_guard_browser_test.js:61:36)
2026-10-08T10:54:25.9108563Z     at async main (/home/runner/work/Investment-System1/Investment-System1/implementation/tools/web_research_guard_browser_test.js:148:9)
2026-10-08T10:54:25.9275613Z ##[error]Process completed with exit code 1.
2026-10-08T10:54:25.9346635Z ##[group]Run actions/upload-artifact@v4
2026-10-08T10:54:25.9346938Z with:
2026-10-08T10:54:25.9347140Z   name: web-research-guard
2026-10-08T10:54:25.9347405Z   path: /tmp/web-research-guard-evidence
2026-10-08T10:54:25.9347686Z   if-no-files-found: warn
2026-10-08T10:54:25.9347914Z   compression-level: 6
2026-10-08T10:54:25.9348123Z   overwrite: false
2026-10-08T10:54:25.9348331Z   include-hidden-files: false
2026-10-08T10:54:25.9348555Z env:
2026-10-08T10:54:25.9348796Z   pythonLocation: /opt/hostedtoolcache/Python/3.11.17/x64
2026-10-08T10:54:25.9349224Z   PKG_CONFIG_PATH: /opt/hostedtoolcache/Python/3.11.17/x64/lib/pkgconfig
2026-10-08T10:54:25.9349644Z   Python_ROOT_DIR: /opt/hostedtoolcache/Python/3.11.17/x64
2026-10-08T10:54:25.9350029Z   Python2_ROOT_DIR: /opt/hostedtoolcache/Python/3.11.17/x64
2026-10-08T10:54:25.9350410Z   Python3_ROOT_DIR: /opt/hostedtoolcache/Python/3.11.17/x64
2026-10-08T10:54:25.9351144Z   LD_LIBRARY_PATH: /opt/hostedtoolcache/Python/3.11.17/x64/lib
2026-10-08T10:54:25.9351477Z ##[endgroup]
2026-10-08T10:54:26.1059710Z (node:3106) [DEP0040] DeprecationWarning: The `punycode` module is deprecated. Please use a userland alternative instead.
2026-10-08T10:54:26.1061447Z (Use `node --trace-deprecation ...` to show where the warning was created)
2026-10-08T10:54:26.1129250Z With the provided path, there will be 4 files uploaded
2026-10-08T10:54:26.1139126Z Artifact name is valid!
2026-10-08T10:54:26.1140095Z Root directory input is valid!
2026-10-08T10:54:26.5048782Z Beginning upload of artifact content to blob storage
2026-10-08T10:54:26.5452437Z (node:3106) [DEP0169] DeprecationWarning: `url.parse()` behavior is not standardized and prone to errors that have security implications. Use the WHATWG URL API instead. CVEs are not issued for `url.parse()` vulnerabilities.
2026-10-08T10:54:26.9259638Z Uploaded bytes 81157
2026-10-08T10:54:27.0037249Z Finished uploading artifact content to blob storage!
2026-10-08T10:54:27.0038978Z SHA256 digest of uploaded artifact zip is d7acad2bdb9bf2682f92a810f5f5390fcc1abee3b47d982ac8775722e7ae7897
2026-10-08T10:54:27.0040207Z Finalizing artifact upload
2026-10-08T10:54:27.2962973Z Artifact web-research-guard.zip successfully finalized. Artifact ID 11544901682
2026-10-08T10:54:27.2964258Z Artifact web-research-guard has been successfully uploaded! Final size is 81157 bytes. Artifact ID is 11544901682
2026-10-08T10:54:27.2970936Z Artifact download URL: https://github.com/kco994553-star/Investment-System1/actions/runs/37766480805/artifacts/11544901682
2026-10-08T10:54:27.3177198Z Post job cleanup.
2026-10-08T10:54:27.4063976Z [command]/usr/bin/git version
2026-10-08T10:54:27.4111364Z git version 2.55.0
2026-10-08T10:54:27.4157274Z Temporarily overriding HOME='/home/runner/work/_temp/0262f5dc-34e0-4eab-8db6-3c82fc1c073a' before making global git config changes
2026-10-08T10:54:27.4158977Z Adding repository directory to the temporary git global config as a safe directory
2026-10-08T10:54:27.4163448Z [command]/usr/bin/git config --global --add safe.directory /home/runner/work/Investment-System1/Investment-System1
2026-10-08T10:54:27.4205210Z [command]/usr/bin/git config --local --name-only --get-regexp core\.sshCommand
2026-10-08T10:54:27.4242851Z [command]/usr/bin/git submodule foreach --recursive sh -c "git config --local --name-only --get-regexp 'core\.sshCommand' && git config --local --unset-all 'core.sshCommand' || :"
2026-10-08T10:54:27.4519231Z [command]/usr/bin/git config --local --name-only --get-regexp http\.https\:\/\/github\.com\/\.extraheader
2026-10-08T10:54:27.4548526Z http.https://github.com/.extraheader
2026-10-08T10:54:27.4562872Z [command]/usr/bin/git config --local --unset-all http.https://github.com/.extraheader
2026-10-08T10:54:27.4609525Z [command]/usr/bin/git submodule foreach --recursive sh -c "git config --local --name-only --get-regexp 'http\.https\:\/\/github\.com\/\.extraheader' && git config --local --unset-all 'http.https://github.com/.extraheader' || :"
2026-10-08T10:54:27.4896670Z [command]/usr/bin/git config --local --name-only --get-regexp ^includeIf\.gitdir:
2026-10-08T10:54:27.4938901Z [command]/usr/bin/git submodule foreach --recursive git config --local --show-origin --name-only --get-regexp remote.origin.url
2026-10-08T10:54:27.5396039Z Cleaning up orphan processes
2026-10-08T10:54:27.5818708Z ##[warning]Node.js 20 is deprecated. The following actions target Node.js 20 but are being forced to run on Node.js 24: actions/checkout@v4, actions/setup-node@v4, actions/setup-python@v5, actions/upload-artifact@v4. For more information see: https://github.blog/changelog/2025-09-19-deprecation-of-node-20-on-github-actions-runners/

